> Get more help at https://help.gradle.org.
